running egg_info
writing ../../build/task_robotics/task_robotics.egg-info/PKG-INFO
writing dependency_links to ../../build/task_robotics/task_robotics.egg-info/dependency_links.txt
writing entry points to ../../build/task_robotics/task_robotics.egg-info/entry_points.txt
writing requirements to ../../build/task_robotics/task_robotics.egg-info/requires.txt
writing top-level names to ../../build/task_robotics/task_robotics.egg-info/top_level.txt
reading manifest file '../../build/task_robotics/task_robotics.egg-info/SOURCES.txt'
writing manifest file '../../build/task_robotics/task_robotics.egg-info/SOURCES.txt'
running build
running build_py
copying task_robotics/wheel_tick_pub.py -> /home/diksha/diffbot/build/task_robotics/build/lib/task_robotics
running install
running install_lib
copying /home/diksha/diffbot/build/task_robotics/build/lib/task_robotics/wheel_tick_pub.py -> /home/diksha/diffbot/install/task_robotics/lib/python3.10/site-packages/task_robotics
byte-compiling /home/diksha/diffbot/install/task_robotics/lib/python3.10/site-packages/task_robotics/wheel_tick_pub.py to wheel_tick_pub.cpython-310.pyc
running install_data
copying package.xml -> /home/diksha/diffbot/install/task_robotics/share/task_robotics
running install_egg_info
removing '/home/diksha/diffbot/install/task_robotics/lib/python3.10/site-packages/task_robotics-0.0.1-py3.10.egg-info' (and everything under it)
Copying ../../build/task_robotics/task_robotics.egg-info to /home/diksha/diffbot/install/task_robotics/lib/python3.10/site-packages/task_robotics-0.0.1-py3.10.egg-info
running install_scripts
Installing wheel_tick_pub script to /home/diksha/diffbot/install/task_robotics/lib/task_robotics
writing list of installed files to '/home/diksha/diffbot/build/task_robotics/install.log'
