[0.346s] [34mcolcon[0m [1;30mDEBUG[0m [32mCommand line arguments: ['/usr/bin/colcon', 'build', '--packages-select', 'task_robotics'][0m
[0.346s] [34mcolcon[0m [1;30mDEBUG[0m [32mParsed command line arguments: Namespace(log_base=None, log_level=None, verb_name='build', build_base='build', install_base='install', merge_install=False, symlink_install=False, test_result_base=None, continue_on_error=False, executor='parallel', parallel_workers=16, event_handlers=None, ignore_user_meta=False, metas=['./colcon.meta'], base_paths=['.'], packages_ignore=None, packages_ignore_regex=None, paths=None, packages_up_to=None, packages_up_to_regex=None, packages_above=None, packages_above_and_dependencies=None, packages_above_depth=None, packages_select_by_dep=None, packages_skip_by_dep=None, packages_skip_up_to=None, packages_select_build_failed=False, packages_skip_build_finished=False, packages_select_test_failures=False, packages_skip_test_passed=False, packages_select=['task_robotics'], packages_skip=None, packages_select_regex=None, packages_skip_regex=None, packages_start=None, packages_end=None, allow_overriding=[], cmake_args=None, cmake_target=None, cmake_target_skip_unavailable=False, cmake_clean_cache=False, cmake_clean_first=False, cmake_force_configure=False, ament_cmake_args=None, catkin_cmake_args=None, catkin_skip_building_tests=False, verb_parser=<colcon_defaults.argument_parser.defaults.DefaultArgumentsDecorator object at 0x7d1333b31180>, verb_extension=<colcon_core.verb.build.BuildVerb object at 0x7d1333c2e920>, main=<bound method BuildVerb.main of <colcon_core.verb.build.BuildVerb object at 0x7d1333c2e920>>)[0m
[0.805s] [34mcolcon.colcon_core.package_discovery[0m [1;30mLevel 1[0m discover_packages(colcon_meta) check parameters
[0.805s] [34mcolcon.colcon_core.package_discovery[0m [1;30mLevel 1[0m discover_packages(recursive) check parameters
[0.805s] [34mcolcon.colcon_core.package_discovery[0m [1;30mLevel 1[0m discover_packages(ignore) check parameters
[0.805s] [34mcolcon.colcon_core.package_discovery[0m [1;30mLevel 1[0m discover_packages(path) check parameters
[0.805s] [34mcolcon.colcon_core.package_discovery[0m [1;30mLevel 1[0m discover_packages(colcon_meta) discover
[0.805s] [34mcolcon.colcon_core.package_discovery[0m [1;30mLevel 1[0m discover_packages(recursive) discover
[0.805s] [34mcolcon.colcon_core.package_discovery[0m [1;30mINFO[0m Crawling recursively for packages in '/home/diksha/diffbot'
[0.805s] [34mcolcon.colcon_core.package_identification[0m [1;30mLevel 1[0m _identify(.) by extensions ['ignore', 'ignore_ament_install']
[0.805s] [34mcolcon.colcon_core.package_identification[0m [1;30mLevel 1[0m _identify(.) by extension 'ignore'
[0.805s] [34mcolcon.colcon_core.package_identification[0m [1;30mLevel 1[0m _identify(.) by extension 'ignore_ament_install'
[0.805s] [34mcolcon.colcon_core.package_identification[0m [1;30mLevel 1[0m _identify(.) by extensions ['colcon_pkg']
[0.805s] [34mcolcon.colcon_core.package_identification[0m [1;30mLevel 1[0m _identify(.) by extension 'colcon_pkg'
[0.805s] [34mcolcon.colcon_core.package_identification[0m [1;30mLevel 1[0m _identify(.) by extensions ['colcon_meta']
[0.805s] [34mcolcon.colcon_core.package_identification[0m [1;30mLevel 1[0m _identify(.) by extension 'colcon_meta'
[0.805s] [34mcolcon.colcon_core.package_identification[0m [1;30mLevel 1[0m _identify(.) by extensions ['ros']
[0.805s] [34mcolcon.colcon_core.package_identification[0m [1;30mLevel 1[0m _identify(.) by extension 'ros'
[0.822s] [34mcolcon.colcon_core.package_identification[0m [1;30mLevel 1[0m _identify(.) by extensions ['cmake', 'python']
[0.822s] [34mcolcon.colcon_core.package_identification[0m [1;30mLevel 1[0m _identify(.) by extension 'cmake'
[0.822s] [34mcolcon.colcon_core.package_identification[0m [1;30mLevel 1[0m _identify(.) by extension 'python'
[0.822s] [34mcolcon.colcon_core.package_identification[0m [1;30mLevel 1[0m _identify(.) by extensions ['python_setup_py']
[0.822s] [34mcolcon.colcon_core.package_identification[0m [1;30mLevel 1[0m _identify(.) by extension 'python_setup_py'
[0.822s] [34mcolcon.colcon_core.package_identification[0m [1;30mLevel 1[0m _identify(build) by extensions ['ignore', 'ignore_ament_install']
[0.823s] [34mcolcon.colcon_core.package_identification[0m [1;30mLevel 1[0m _identify(build) by extension 'ignore'
[0.823s] [34mcolcon.colcon_core.package_identification[0m [1;30mLevel 1[0m _identify(build) ignored
[0.823s] [34mcolcon.colcon_core.package_identification[0m [1;30mLevel 1[0m _identify(install) by extensions ['ignore', 'ignore_ament_install']
[0.823s] [34mcolcon.colcon_core.package_identification[0m [1;30mLevel 1[0m _identify(install) by extension 'ignore'
[0.823s] [34mcolcon.colcon_core.package_identification[0m [1;30mLevel 1[0m _identify(install) ignored
[0.823s] [34mcolcon.colcon_core.package_identification[0m [1;30mLevel 1[0m _identify(log) by extensions ['ignore', 'ignore_ament_install']
[0.823s] [34mcolcon.colcon_core.package_identification[0m [1;30mLevel 1[0m _identify(log) by extension 'ignore'
[0.823s] [34mcolcon.colcon_core.package_identification[0m [1;30mLevel 1[0m _identify(log) ignored
[0.823s] [34mcolcon.colcon_core.package_identification[0m [1;30mLevel 1[0m _identify(src) by extensions ['ignore', 'ignore_ament_install']
[0.823s] [34mcolcon.colcon_core.package_identification[0m [1;30mLevel 1[0m _identify(src) by extension 'ignore'
[0.823s] [34mcolcon.colcon_core.package_identification[0m [1;30mLevel 1[0m _identify(src) by extension 'ignore_ament_install'
[0.823s] [34mcolcon.colcon_core.package_identification[0m [1;30mLevel 1[0m _identify(src) by extensions ['colcon_pkg']
[0.823s] [34mcolcon.colcon_core.package_identification[0m [1;30mLevel 1[0m _identify(src) by extension 'colcon_pkg'
[0.823s] [34mcolcon.colcon_core.package_identification[0m [1;30mLevel 1[0m _identify(src) by extensions ['colcon_meta']
[0.823s] [34mcolcon.colcon_core.package_identification[0m [1;30mLevel 1[0m _identify(src) by extension 'colcon_meta'
[0.823s] [34mcolcon.colcon_core.package_identification[0m [1;30mLevel 1[0m _identify(src) by extensions ['ros']
[0.823s] [34mcolcon.colcon_core.package_identification[0m [1;30mLevel 1[0m _identify(src) by extension 'ros'
[0.823s] [34mcolcon.colcon_core.package_identification[0m [1;30mLevel 1[0m _identify(src) by extensions ['cmake', 'python']
[0.823s] [34mcolcon.colcon_core.package_identification[0m [1;30mLevel 1[0m _identify(src) by extension 'cmake'
[0.824s] [34mcolcon.colcon_core.package_identification[0m [1;30mLevel 1[0m _identify(src) by extension 'python'
[0.824s] [34mcolcon.colcon_core.package_identification[0m [1;30mLevel 1[0m _identify(src) by extensions ['python_setup_py']
[0.824s] [34mcolcon.colcon_core.package_identification[0m [1;30mLevel 1[0m _identify(src) by extension 'python_setup_py'
[0.824s] [34mcolcon.colcon_core.package_identification[0m [1;30mLevel 1[0m _identify(src/task_robotics) by extensions ['ignore', 'ignore_ament_install']
[0.824s] [34mcolcon.colcon_core.package_identification[0m [1;30mLevel 1[0m _identify(src/task_robotics) by extension 'ignore'
[0.824s] [34mcolcon.colcon_core.package_identification[0m [1;30mLevel 1[0m _identify(src/task_robotics) by extension 'ignore_ament_install'
[0.824s] [34mcolcon.colcon_core.package_identification[0m [1;30mLevel 1[0m _identify(src/task_robotics) by extensions ['colcon_pkg']
[0.824s] [34mcolcon.colcon_core.package_identification[0m [1;30mLevel 1[0m _identify(src/task_robotics) by extension 'colcon_pkg'
[0.824s] [34mcolcon.colcon_core.package_identification[0m [1;30mLevel 1[0m _identify(src/task_robotics) by extensions ['colcon_meta']
[0.824s] [34mcolcon.colcon_core.package_identification[0m [1;30mLevel 1[0m _identify(src/task_robotics) by extension 'colcon_meta'
[0.824s] [34mcolcon.colcon_core.package_identification[0m [1;30mLevel 1[0m _identify(src/task_robotics) by extensions ['ros']
[0.824s] [34mcolcon.colcon_core.package_identification[0m [1;30mLevel 1[0m _identify(src/task_robotics) by extension 'ros'
[0.828s] [34mcolcon.colcon_core.package_identification[0m [1;30mDEBUG[0m [32mPackage 'src/task_robotics' with type 'ros.ament_python' and name 'task_robotics'[0m
[0.829s] [34mcolcon.colcon_core.package_discovery[0m [1;30mLevel 1[0m discover_packages(recursive) using defaults
[0.829s] [34mcolcon.colcon_core.package_discovery[0m [1;30mLevel 1[0m discover_packages(ignore) discover
[0.829s] [34mcolcon.colcon_core.package_discovery[0m [1;30mLevel 1[0m discover_packages(ignore) using defaults
[0.829s] [34mcolcon.colcon_core.package_discovery[0m [1;30mLevel 1[0m discover_packages(path) discover
[0.829s] [34mcolcon.colcon_core.package_discovery[0m [1;30mLevel 1[0m discover_packages(path) using defaults
[0.852s] [34mcolcon.colcon_core.package_discovery[0m [1;30mLevel 1[0m discover_packages(prefix_path) check parameters
[0.852s] [34mcolcon.colcon_core.package_discovery[0m [1;30mLevel 1[0m discover_packages(prefix_path) discover
[0.861s] [34mcolcon.colcon_installed_package_information.package_discovery[0m [1;30mDEBUG[0m [32mFound 18 installed packages in /home/diksha/slam_ws/install[0m
[0.863s] [34mcolcon.colcon_installed_package_information.package_discovery[0m [1;30mDEBUG[0m [32mFound 492 installed packages in /opt/ros/humble[0m
[0.866s] [34mcolcon.colcon_core.package_discovery[0m [1;30mLevel 1[0m discover_packages(prefix_path) using defaults
[0.926s] [34mcolcon.colcon_core.verb[0m [1;30mLevel 5[0m set package 'task_robotics' build argument 'cmake_args' from command line to 'None'
[0.926s] [34mcolcon.colcon_core.verb[0m [1;30mLevel 5[0m set package 'task_robotics' build argument 'cmake_target' from command line to 'None'
[0.926s] [34mcolcon.colcon_core.verb[0m [1;30mLevel 5[0m set package 'task_robotics' build argument 'cmake_target_skip_unavailable' from command line to 'False'
[0.926s] [34mcolcon.colcon_core.verb[0m [1;30mLevel 5[0m set package 'task_robotics' build argument 'cmake_clean_cache' from command line to 'False'
[0.926s] [34mcolcon.colcon_core.verb[0m [1;30mLevel 5[0m set package 'task_robotics' build argument 'cmake_clean_first' from command line to 'False'
[0.926s] [34mcolcon.colcon_core.verb[0m [1;30mLevel 5[0m set package 'task_robotics' build argument 'cmake_force_configure' from command line to 'False'
[0.926s] [34mcolcon.colcon_core.verb[0m [1;30mLevel 5[0m set package 'task_robotics' build argument 'ament_cmake_args' from command line to 'None'
[0.926s] [34mcolcon.colcon_core.verb[0m [1;30mLevel 5[0m set package 'task_robotics' build argument 'catkin_cmake_args' from command line to 'None'
[0.926s] [34mcolcon.colcon_core.verb[0m [1;30mLevel 5[0m set package 'task_robotics' build argument 'catkin_skip_building_tests' from command line to 'False'
[0.926s] [34mcolcon.colcon_core.verb[0m [1;30mDEBUG[0m [32mBuilding package 'task_robotics' with the following arguments: {'ament_cmake_args': None, 'build_base': '/home/diksha/diffbot/build/task_robotics', 'catkin_cmake_args': None, 'catkin_skip_building_tests': False, 'cmake_args': None, 'cmake_clean_cache': False, 'cmake_clean_first': False, 'cmake_force_configure': False, 'cmake_target': None, 'cmake_target_skip_unavailable': False, 'install_base': '/home/diksha/diffbot/install/task_robotics', 'merge_install': False, 'path': '/home/diksha/diffbot/src/task_robotics', 'symlink_install': False, 'test_result_base': None}[0m
[0.927s] [34mcolcon.colcon_core.executor[0m [1;30mINFO[0m Executing jobs using 'parallel' executor
[0.928s] [34mcolcon.colcon_parallel_executor.executor.parallel[0m [1;30mDEBUG[0m [32mrun_until_complete[0m
[0.928s] [34mcolcon.colcon_ros.task.ament_python.build[0m [1;30mINFO[0m Building ROS package in '/home/diksha/diffbot/src/task_robotics' with build type 'ament_python'
[0.928s] [34mcolcon.colcon_core.shell[0m [1;30mLevel 1[0m create_environment_hook('task_robotics', 'ament_prefix_path')
[0.935s] [34mcolcon.colcon_core.plugin_system[0m [1;30mINFO[0m Skipping extension 'colcon_core.shell.bat': Not used on non-Windows systems
[0.935s] [34mcolcon.colcon_core.shell[0m [1;30mINFO[0m Creating environment hook '/home/diksha/diffbot/install/task_robotics/share/task_robotics/hook/ament_prefix_path.ps1'
[0.938s] [34mcolcon.colcon_core.shell[0m [1;30mINFO[0m Creating environment descriptor '/home/diksha/diffbot/install/task_robotics/share/task_robotics/hook/ament_prefix_path.dsv'
[0.939s] [34mcolcon.colcon_core.shell[0m [1;30mINFO[0m Creating environment hook '/home/diksha/diffbot/install/task_robotics/share/task_robotics/hook/ament_prefix_path.sh'
[0.940s] [34mcolcon.colcon_core.shell[0m [1;30mINFO[0m Skip shell extension 'powershell' for command environment: Not usable outside of PowerShell
[0.940s] [34mcolcon.colcon_core.shell[0m [1;30mDEBUG[0m [32mSkip shell extension 'dsv' for command environment[0m
[1.233s] [34mcolcon.colcon_core.task.python.build[0m [1;30mINFO[0m Building Python package in '/home/diksha/diffbot/src/task_robotics'
[1.233s] [34mcolcon.colcon_core.shell[0m [1;30mINFO[0m Skip shell extension 'powershell' for command environment: Not usable outside of PowerShell
[1.233s] [34mcolcon.colcon_core.shell[0m [1;30mDEBUG[0m [32mSkip shell extension 'dsv' for command environment[0m
[1.765s] [34mcolcon.colcon_core.task.python.build[0m [1;30mDEBUG[0m [32mAvailable setuptools commands: install, develop, build_ext, easy_install, check, bdist_egg, alias, test, bdist_wheel, build_py, compile_catalog, build, egg_info, bdist_dumb, build_scripts, bdist_rpm, rotate, dist_info, install_lib, init_catalog, bdist, install_egg_info, saveopts, clean, upload_docs, update_catalog, symlink_data, install_headers, install_data, install_scripts, register, extract_messages, sdist, setopt, build_clib, upload[0m
[1.769s] [34mcolcon.colcon_core.event_handler.log_command[0m [1;30mDEBUG[0m [32mInvoking command in '/home/diksha/diffbot/src/task_robotics': PYTHONPATH=/home/diksha/diffbot/build/task_robotics/prefix_override:/usr/lib/python3/dist-packages/colcon_core/task/python/colcon_distutils_commands:/home/diksha/diffbot/install/task_robotics/lib/python3.10/site-packages:${PYTHONPATH} /usr/bin/python3 -W ignore:setup.py install is deprecated -W ignore:easy_install command is deprecated setup.py egg_info --egg-base ../../build/task_robotics build --build-base /home/diksha/diffbot/build/task_robotics/build install --record /home/diksha/diffbot/build/task_robotics/install.log --install-scripts $base/lib/task_robotics --single-version-externally-managed install_data[0m
[2.086s] [34mcolcon.colcon_core.event_handler.log_command[0m [1;30mDEBUG[0m [32mInvoked command in '/home/diksha/diffbot/src/task_robotics' returned '0': PYTHONPATH=/home/diksha/diffbot/build/task_robotics/prefix_override:/usr/lib/python3/dist-packages/colcon_core/task/python/colcon_distutils_commands:/home/diksha/diffbot/install/task_robotics/lib/python3.10/site-packages:${PYTHONPATH} /usr/bin/python3 -W ignore:setup.py install is deprecated -W ignore:easy_install command is deprecated setup.py egg_info --egg-base ../../build/task_robotics build --build-base /home/diksha/diffbot/build/task_robotics/build install --record /home/diksha/diffbot/build/task_robotics/install.log --install-scripts $base/lib/task_robotics --single-version-externally-managed install_data[0m
[2.094s] [34mcolcon.colcon_core.environment[0m [1;30mLevel 1[0m checking '/home/diksha/diffbot/install/task_robotics' for CMake module files
[2.094s] [34mcolcon.colcon_core.environment[0m [1;30mLevel 1[0m checking '/home/diksha/diffbot/install/task_robotics' for CMake config files
[2.095s] [34mcolcon.colcon_core.environment[0m [1;30mLevel 1[0m checking '/home/diksha/diffbot/install/task_robotics/lib'
[2.095s] [34mcolcon.colcon_core.environment[0m [1;30mLevel 1[0m checking '/home/diksha/diffbot/install/task_robotics/bin'
[2.095s] [34mcolcon.colcon_core.environment[0m [1;30mLevel 1[0m checking '/home/diksha/diffbot/install/task_robotics/lib/pkgconfig/task_robotics.pc'
[2.095s] [34mcolcon.colcon_core.environment[0m [1;30mLevel 1[0m checking '/home/diksha/diffbot/install/task_robotics/lib/python3.10/site-packages'
[2.095s] [34mcolcon.colcon_core.shell[0m [1;30mLevel 1[0m create_environment_hook('task_robotics', 'pythonpath')
[2.095s] [34mcolcon.colcon_core.shell[0m [1;30mINFO[0m Creating environment hook '/home/diksha/diffbot/install/task_robotics/share/task_robotics/hook/pythonpath.ps1'
[2.096s] [34mcolcon.colcon_core.shell[0m [1;30mINFO[0m Creating environment descriptor '/home/diksha/diffbot/install/task_robotics/share/task_robotics/hook/pythonpath.dsv'
[2.096s] [34mcolcon.colcon_core.shell[0m [1;30mINFO[0m Creating environment hook '/home/diksha/diffbot/install/task_robotics/share/task_robotics/hook/pythonpath.sh'
[2.097s] [34mcolcon.colcon_core.environment[0m [1;30mLevel 1[0m checking '/home/diksha/diffbot/install/task_robotics/bin'
[2.097s] [34mcolcon.colcon_core.environment[0m [1;30mLevel 1[0m create_environment_scripts_only(task_robotics)
[2.097s] [34mcolcon.colcon_core.shell[0m [1;30mINFO[0m Creating package script '/home/diksha/diffbot/install/task_robotics/share/task_robotics/package.ps1'
[2.099s] [34mcolcon.colcon_core.shell[0m [1;30mINFO[0m Creating package descriptor '/home/diksha/diffbot/install/task_robotics/share/task_robotics/package.dsv'
[2.100s] [34mcolcon.colcon_core.shell[0m [1;30mINFO[0m Creating package script '/home/diksha/diffbot/install/task_robotics/share/task_robotics/package.sh'
[2.101s] [34mcolcon.colcon_core.shell[0m [1;30mINFO[0m Creating package script '/home/diksha/diffbot/install/task_robotics/share/task_robotics/package.bash'
[2.102s] [34mcolcon.colcon_core.shell[0m [1;30mINFO[0m Creating package script '/home/diksha/diffbot/install/task_robotics/share/task_robotics/package.zsh'
[2.103s] [34mcolcon.colcon_core.environment[0m [1;30mLevel 1[0m create_file_with_runtime_dependencies(/home/diksha/diffbot/install/task_robotics/share/colcon-core/packages/task_robotics)
[2.104s] [34mcolcon.colcon_parallel_executor.executor.parallel[0m [1;30mDEBUG[0m [32mclosing loop[0m
[2.105s] [34mcolcon.colcon_parallel_executor.executor.parallel[0m [1;30mDEBUG[0m [32mloop closed[0m
[2.105s] [34mcolcon.colcon_parallel_executor.executor.parallel[0m [1;30mDEBUG[0m [32mrun_until_complete finished with '0'[0m
[2.106s] [34mcolcon.colcon_core.event_reactor[0m [1;30mDEBUG[0m [32mjoining thread[0m
[2.155s] [34mcolcon.colcon_core.plugin_system[0m [1;30mINFO[0m Skipping extension 'colcon_notification.desktop_notification.notify_send': Could not find 'notify-send'
[2.155s] [34mcolcon.colcon_core.plugin_system[0m [1;30mINFO[0m Skipping extension 'colcon_notification.desktop_notification.terminal_notifier': Not used on non-Darwin systems
[2.155s] [34mcolcon.colcon_core.plugin_system[0m [1;30mINFO[0m Skipping extension 'colcon_notification.desktop_notification.win32': Not used on non-Windows systems
[2.155s] [34mcolcon.colcon_notification.desktop_notification[0m [1;30mINFO[0m Sending desktop notification using 'notify2'
[2.158s] [34mcolcon.colcon_notification.desktop_notification.notify2[0m [1;30mDEBUG[0m [32mFailed to initialize notify2: org.freedesktop.DBus.Error.ServiceUnknown: The name org.freedesktop.Notifications was not provided by any .service files[0m
[2.158s] [34mcolcon.colcon_core.event_reactor[0m [1;30mDEBUG[0m [32mjoined thread[0m
[2.159s] [34mcolcon.colcon_core.shell[0m [1;30mINFO[0m Creating prefix script '/home/diksha/diffbot/install/local_setup.ps1'
[2.160s] [34mcolcon.colcon_core.shell[0m [1;30mINFO[0m Creating prefix util module '/home/diksha/diffbot/install/_local_setup_util_ps1.py'
[2.163s] [34mcolcon.colcon_core.shell[0m [1;30mINFO[0m Creating prefix chain script '/home/diksha/diffbot/install/setup.ps1'
[2.165s] [34mcolcon.colcon_core.shell[0m [1;30mINFO[0m Creating prefix script '/home/diksha/diffbot/install/local_setup.sh'
[2.167s] [34mcolcon.colcon_core.shell[0m [1;30mINFO[0m Creating prefix util module '/home/diksha/diffbot/install/_local_setup_util_sh.py'
[2.168s] [34mcolcon.colcon_core.shell[0m [1;30mINFO[0m Creating prefix chain script '/home/diksha/diffbot/install/setup.sh'
[2.169s] [34mcolcon.colcon_core.shell[0m [1;30mINFO[0m Creating prefix script '/home/diksha/diffbot/install/local_setup.bash'
[2.171s] [34mcolcon.colcon_core.shell[0m [1;30mINFO[0m Creating prefix chain script '/home/diksha/diffbot/install/setup.bash'
[2.173s] [34mcolcon.colcon_core.shell[0m [1;30mINFO[0m Creating prefix script '/home/diksha/diffbot/install/local_setup.zsh'
[2.173s] [34mcolcon.colcon_core.shell[0m [1;30mINFO[0m Creating prefix chain script '/home/diksha/diffbot/install/setup.zsh'
