[0.197s] [34mcolcon[0m [1;30mDEBUG[0m [32mCommand line arguments: ['/usr/bin/colcon', 'build', '--packages-select', 'task_robotics'][0m
[0.197s] [34mcolcon[0m [1;30mDEBUG[0m [32mParsed command line arguments: Namespace(log_base=None, log_level=None, verb_name='build', build_base='build', install_base='install', merge_install=False, symlink_install=False, test_result_base=None, continue_on_error=False, executor='parallel', parallel_workers=16, event_handlers=None, ignore_user_meta=False, metas=['./colcon.meta'], base_paths=['.'], packages_ignore=None, packages_ignore_regex=None, paths=None, packages_up_to=None, packages_up_to_regex=None, packages_above=None, packages_above_and_dependencies=None, packages_above_depth=None, packages_select_by_dep=None, packages_skip_by_dep=None, packages_skip_up_to=None, packages_select_build_failed=False, packages_skip_build_finished=False, packages_select_test_failures=False, packages_skip_test_passed=False, packages_select=['task_robotics'], packages_skip=None, packages_select_regex=None, packages_skip_regex=None, packages_start=None, packages_end=None, allow_overriding=[], cmake_args=None, cmake_target=None, cmake_target_skip_unavailable=False, cmake_clean_cache=False, cmake_clean_first=False, cmake_force_configure=False, ament_cmake_args=None, catkin_cmake_args=None, catkin_skip_building_tests=False, verb_parser=<colcon_defaults.argument_parser.defaults.DefaultArgumentsDecorator object at 0x7337721ed450>, verb_extension=<colcon_core.verb.build.BuildVerb object at 0x733772342bf0>, main=<bound method BuildVerb.main of <colcon_core.verb.build.BuildVerb object at 0x733772342bf0>>)[0m
[0.420s] [34mcolcon.colcon_core.package_discovery[0m [1;30mLevel 1[0m discover_packages(colcon_meta) check parameters
[0.420s] [34mcolcon.colcon_core.package_discovery[0m [1;30mLevel 1[0m discover_packages(recursive) check parameters
[0.420s] [34mcolcon.colcon_core.package_discovery[0m [1;30mLevel 1[0m discover_packages(ignore) check parameters
[0.420s] [34mcolcon.colcon_core.package_discovery[0m [1;30mLevel 1[0m discover_packages(path) check parameters
[0.420s] [34mcolcon.colcon_core.package_discovery[0m [1;30mLevel 1[0m discover_packages(colcon_meta) discover
[0.420s] [34mcolcon.colcon_core.package_discovery[0m [1;30mLevel 1[0m discover_packages(recursive) discover
[0.420s] [34mcolcon.colcon_core.package_discovery[0m [1;30mINFO[0m Crawling recursively for packages in '/home/diksha/diffbot'
[0.420s] [34mcolcon.colcon_core.package_identification[0m [1;30mLevel 1[0m _identify(.) by extensions ['ignore', 'ignore_ament_install']
[0.421s] [34mcolcon.colcon_core.package_identification[0m [1;30mLevel 1[0m _identify(.) by extension 'ignore'
[0.421s] [34mcolcon.colcon_core.package_identification[0m [1;30mLevel 1[0m _identify(.) by extension 'ignore_ament_install'
[0.421s] [34mcolcon.colcon_core.package_identification[0m [1;30mLevel 1[0m _identify(.) by extensions ['colcon_pkg']
[0.421s] [34mcolcon.colcon_core.package_identification[0m [1;30mLevel 1[0m _identify(.) by extension 'colcon_pkg'
[0.421s] [34mcolcon.colcon_core.package_identification[0m [1;30mLevel 1[0m _identify(.) by extensions ['colcon_meta']
[0.421s] [34mcolcon.colcon_core.package_identification[0m [1;30mLevel 1[0m _identify(.) by extension 'colcon_meta'
[0.421s] [34mcolcon.colcon_core.package_identification[0m [1;30mLevel 1[0m _identify(.) by extensions ['ros']
[0.421s] [34mcolcon.colcon_core.package_identification[0m [1;30mLevel 1[0m _identify(.) by extension 'ros'
[0.433s] [34mcolcon.colcon_core.package_identification[0m [1;30mLevel 1[0m _identify(.) by extensions ['cmake', 'python']
[0.433s] [34mcolcon.colcon_core.package_identification[0m [1;30mLevel 1[0m _identify(.) by extension 'cmake'
[0.433s] [34mcolcon.colcon_core.package_identification[0m [1;30mLevel 1[0m _identify(.) by extension 'python'
[0.434s] [34mcolcon.colcon_core.package_identification[0m [1;30mLevel 1[0m _identify(.) by extensions ['python_setup_py']
[0.434s] [34mcolcon.colcon_core.package_identification[0m [1;30mLevel 1[0m _identify(.) by extension 'python_setup_py'
[0.434s] [34mcolcon.colcon_core.package_identification[0m [1;30mLevel 1[0m _identify(build) by extensions ['ignore', 'ignore_ament_install']
[0.434s] [34mcolcon.colcon_core.package_identification[0m [1;30mLevel 1[0m _identify(build) by extension 'ignore'
[0.434s] [34mcolcon.colcon_core.package_identification[0m [1;30mLevel 1[0m _identify(build) ignored
[0.434s] [34mcolcon.colcon_core.package_identification[0m [1;30mLevel 1[0m _identify(install) by extensions ['ignore', 'ignore_ament_install']
[0.434s] [34mcolcon.colcon_core.package_identification[0m [1;30mLevel 1[0m _identify(install) by extension 'ignore'
[0.434s] [34mcolcon.colcon_core.package_identification[0m [1;30mLevel 1[0m _identify(install) ignored
[0.434s] [34mcolcon.colcon_core.package_identification[0m [1;30mLevel 1[0m _identify(log) by extensions ['ignore', 'ignore_ament_install']
[0.434s] [34mcolcon.colcon_core.package_identification[0m [1;30mLevel 1[0m _identify(log) by extension 'ignore'
[0.435s] [34mcolcon.colcon_core.package_identification[0m [1;30mLevel 1[0m _identify(log) ignored
[0.435s] [34mcolcon.colcon_core.package_identification[0m [1;30mLevel 1[0m _identify(src) by extensions ['ignore', 'ignore_ament_install']
[0.435s] [34mcolcon.colcon_core.package_identification[0m [1;30mLevel 1[0m _identify(src) by extension 'ignore'
[0.435s] [34mcolcon.colcon_core.package_identification[0m [1;30mLevel 1[0m _identify(src) by extension 'ignore_ament_install'
[0.435s] [34mcolcon.colcon_core.package_identification[0m [1;30mLevel 1[0m _identify(src) by extensions ['colcon_pkg']
[0.435s] [34mcolcon.colcon_core.package_identification[0m [1;30mLevel 1[0m _identify(src) by extension 'colcon_pkg'
[0.435s] [34mcolcon.colcon_core.package_identification[0m [1;30mLevel 1[0m _identify(src) by extensions ['colcon_meta']
[0.435s] [34mcolcon.colcon_core.package_identification[0m [1;30mLevel 1[0m _identify(src) by extension 'colcon_meta'
[0.435s] [34mcolcon.colcon_core.package_identification[0m [1;30mLevel 1[0m _identify(src) by extensions ['ros']
[0.435s] [34mcolcon.colcon_core.package_identification[0m [1;30mLevel 1[0m _identify(src) by extension 'ros'
[0.435s] [34mcolcon.colcon_core.package_identification[0m [1;30mLevel 1[0m _identify(src) by extensions ['cmake', 'python']
[0.435s] [34mcolcon.colcon_core.package_identification[0m [1;30mLevel 1[0m _identify(src) by extension 'cmake'
[0.435s] [34mcolcon.colcon_core.package_identification[0m [1;30mLevel 1[0m _identify(src) by extension 'python'
[0.435s] [34mcolcon.colcon_core.package_identification[0m [1;30mLevel 1[0m _identify(src) by extensions ['python_setup_py']
[0.435s] [34mcolcon.colcon_core.package_identification[0m [1;30mLevel 1[0m _identify(src) by extension 'python_setup_py'
[0.435s] [34mcolcon.colcon_core.package_identification[0m [1;30mLevel 1[0m _identify(src/task_robotics) by extensions ['ignore', 'ignore_ament_install']
[0.436s] [34mcolcon.colcon_core.package_identification[0m [1;30mLevel 1[0m _identify(src/task_robotics) by extension 'ignore'
[0.436s] [34mcolcon.colcon_core.package_identification[0m [1;30mLevel 1[0m _identify(src/task_robotics) by extension 'ignore_ament_install'
[0.436s] [34mcolcon.colcon_core.package_identification[0m [1;30mLevel 1[0m _identify(src/task_robotics) by extensions ['colcon_pkg']
[0.436s] [34mcolcon.colcon_core.package_identification[0m [1;30mLevel 1[0m _identify(src/task_robotics) by extension 'colcon_pkg'
[0.436s] [34mcolcon.colcon_core.package_identification[0m [1;30mLevel 1[0m _identify(src/task_robotics) by extensions ['colcon_meta']
[0.436s] [34mcolcon.colcon_core.package_identification[0m [1;30mLevel 1[0m _identify(src/task_robotics) by extension 'colcon_meta'
[0.436s] [34mcolcon.colcon_core.package_identification[0m [1;30mLevel 1[0m _identify(src/task_robotics) by extensions ['ros']
[0.436s] [34mcolcon.colcon_core.package_identification[0m [1;30mLevel 1[0m _identify(src/task_robotics) by extension 'ros'
[0.438s] [34mcolcon.colcon_core.package_identification[0m [1;30mDEBUG[0m [32mPackage 'src/task_robotics' with type 'ros.ament_python' and name 'task_robotics'[0m
[0.439s] [34mcolcon.colcon_core.package_discovery[0m [1;30mLevel 1[0m discover_packages(recursive) using defaults
[0.439s] [34mcolcon.colcon_core.package_discovery[0m [1;30mLevel 1[0m discover_packages(ignore) discover
[0.439s] [34mcolcon.colcon_core.package_discovery[0m [1;30mLevel 1[0m discover_packages(ignore) using defaults
[0.439s] [34mcolcon.colcon_core.package_discovery[0m [1;30mLevel 1[0m discover_packages(path) discover
[0.439s] [34mcolcon.colcon_core.package_discovery[0m [1;30mLevel 1[0m discover_packages(path) using defaults
[0.455s] [34mcolcon.colcon_core.package_discovery[0m [1;30mLevel 1[0m discover_packages(prefix_path) check parameters
[0.455s] [34mcolcon.colcon_core.package_discovery[0m [1;30mLevel 1[0m discover_packages(prefix_path) discover
[0.458s] [34mcolcon.colcon_installed_package_information.package_discovery[0m [1;30mDEBUG[0m [32mFound 1 installed packages in /home/diksha/diffbot/install[0m
[0.459s] [34mcolcon.colcon_installed_package_information.package_discovery[0m [1;30mDEBUG[0m [32mFound 18 installed packages in /home/diksha/slam_ws/install[0m
[0.461s] [34mcolcon.colcon_installed_package_information.package_discovery[0m [1;30mDEBUG[0m [32mFound 492 installed packages in /opt/ros/humble[0m
[0.463s] [34mcolcon.colcon_core.package_discovery[0m [1;30mLevel 1[0m discover_packages(prefix_path) using defaults
[0.518s] [34mcolcon.colcon_core.verb[0m [1;30mLevel 5[0m set package 'task_robotics' build argument 'cmake_args' from command line to 'None'
[0.519s] [34mcolcon.colcon_core.verb[0m [1;30mLevel 5[0m set package 'task_robotics' build argument 'cmake_target' from command line to 'None'
[0.519s] [34mcolcon.colcon_core.verb[0m [1;30mLevel 5[0m set package 'task_robotics' build argument 'cmake_target_skip_unavailable' from command line to 'False'
[0.519s] [34mcolcon.colcon_core.verb[0m [1;30mLevel 5[0m set package 'task_robotics' build argument 'cmake_clean_cache' from command line to 'False'
[0.519s] [34mcolcon.colcon_core.verb[0m [1;30mLevel 5[0m set package 'task_robotics' build argument 'cmake_clean_first' from command line to 'False'
[0.519s] [34mcolcon.colcon_core.verb[0m [1;30mLevel 5[0m set package 'task_robotics' build argument 'cmake_force_configure' from command line to 'False'
[0.519s] [34mcolcon.colcon_core.verb[0m [1;30mLevel 5[0m set package 'task_robotics' build argument 'ament_cmake_args' from command line to 'None'
[0.519s] [34mcolcon.colcon_core.verb[0m [1;30mLevel 5[0m set package 'task_robotics' build argument 'catkin_cmake_args' from command line to 'None'
[0.519s] [34mcolcon.colcon_core.verb[0m [1;30mLevel 5[0m set package 'task_robotics' build argument 'catkin_skip_building_tests' from command line to 'False'
[0.519s] [34mcolcon.colcon_core.verb[0m [1;30mDEBUG[0m [32mBuilding package 'task_robotics' with the following arguments: {'ament_cmake_args': None, 'build_base': '/home/diksha/diffbot/build/task_robotics', 'catkin_cmake_args': None, 'catkin_skip_building_tests': False, 'cmake_args': None, 'cmake_clean_cache': False, 'cmake_clean_first': False, 'cmake_force_configure': False, 'cmake_target': None, 'cmake_target_skip_unavailable': False, 'install_base': '/home/diksha/diffbot/install/task_robotics', 'merge_install': False, 'path': '/home/diksha/diffbot/src/task_robotics', 'symlink_install': False, 'test_result_base': None}[0m
[0.519s] [34mcolcon.colcon_core.executor[0m [1;30mINFO[0m Executing jobs using 'parallel' executor
[0.520s] [34mcolcon.colcon_parallel_executor.executor.parallel[0m [1;30mDEBUG[0m [32mrun_until_complete[0m
[0.521s] [34mcolcon.colcon_ros.task.ament_python.build[0m [1;30mINFO[0m Building ROS package in '/home/diksha/diffbot/src/task_robotics' with build type 'ament_python'
[0.521s] [34mcolcon.colcon_core.shell[0m [1;30mLevel 1[0m create_environment_hook('task_robotics', 'ament_prefix_path')
[0.524s] [34mcolcon.colcon_core.plugin_system[0m [1;30mINFO[0m Skipping extension 'colcon_core.shell.bat': Not used on non-Windows systems
[0.524s] [34mcolcon.colcon_core.shell[0m [1;30mINFO[0m Creating environment hook '/home/diksha/diffbot/install/task_robotics/share/task_robotics/hook/ament_prefix_path.ps1'
[0.525s] [34mcolcon.colcon_core.shell[0m [1;30mINFO[0m Creating environment descriptor '/home/diksha/diffbot/install/task_robotics/share/task_robotics/hook/ament_prefix_path.dsv'
[0.526s] [34mcolcon.colcon_core.shell[0m [1;30mINFO[0m Creating environment hook '/home/diksha/diffbot/install/task_robotics/share/task_robotics/hook/ament_prefix_path.sh'
[0.527s] [34mcolcon.colcon_core.shell[0m [1;30mINFO[0m Skip shell extension 'powershell' for command environment: Not usable outside of PowerShell
[0.527s] [34mcolcon.colcon_core.shell[0m [1;30mDEBUG[0m [32mSkip shell extension 'dsv' for command environment[0m
[0.807s] [34mcolcon.colcon_core.task.python.build[0m [1;30mINFO[0m Building Python package in '/home/diksha/diffbot/src/task_robotics'
[0.807s] [34mcolcon.colcon_core.shell[0m [1;30mINFO[0m Skip shell extension 'powershell' for command environment: Not usable outside of PowerShell
[0.807s] [34mcolcon.colcon_core.shell[0m [1;30mDEBUG[0m [32mSkip shell extension 'dsv' for command environment[0m
[1.244s] [34mcolcon.colcon_core.task.python.build[0m [1;30mDEBUG[0m [32mAvailable setuptools commands: develop, saveopts, egg_info, build_clib, bdist_rpm, symlink_data, alias, build, install_headers, init_catalog, sdist, bdist_wheel, bdist_egg, bdist_dumb, compile_catalog, test, install_lib, build_scripts, easy_install, upload_docs, install_data, bdist, update_catalog, setopt, dist_info, build_py, upload, install, install_egg_info, rotate, extract_messages, build_ext, clean, register, check, install_scripts[0m
[1.250s] [34mcolcon.colcon_core.event_handler.log_command[0m [1;30mDEBUG[0m [32mInvoking command in '/home/diksha/diffbot/src/task_robotics': PYTHONPATH=/home/diksha/diffbot/build/task_robotics/prefix_override:/usr/lib/python3/dist-packages/colcon_core/task/python/colcon_distutils_commands:/home/diksha/diffbot/install/task_robotics/lib/python3.10/site-packages:${PYTHONPATH} /usr/bin/python3 -W ignore:setup.py install is deprecated -W ignore:easy_install command is deprecated setup.py egg_info --egg-base ../../build/task_robotics build --build-base /home/diksha/diffbot/build/task_robotics/build install --record /home/diksha/diffbot/build/task_robotics/install.log --install-scripts $base/lib/task_robotics --single-version-externally-managed install_data[0m
[1.552s] [34mcolcon.colcon_core.event_handler.log_command[0m [1;30mDEBUG[0m [32mInvoked command in '/home/diksha/diffbot/src/task_robotics' returned '0': PYTHONPATH=/home/diksha/diffbot/build/task_robotics/prefix_override:/usr/lib/python3/dist-packages/colcon_core/task/python/colcon_distutils_commands:/home/diksha/diffbot/install/task_robotics/lib/python3.10/site-packages:${PYTHONPATH} /usr/bin/python3 -W ignore:setup.py install is deprecated -W ignore:easy_install command is deprecated setup.py egg_info --egg-base ../../build/task_robotics build --build-base /home/diksha/diffbot/build/task_robotics/build install --record /home/diksha/diffbot/build/task_robotics/install.log --install-scripts $base/lib/task_robotics --single-version-externally-managed install_data[0m
[1.555s] [34mcolcon.colcon_core.environment[0m [1;30mLevel 1[0m checking '/home/diksha/diffbot/install/task_robotics' for CMake module files
[1.555s] [34mcolcon.colcon_core.environment[0m [1;30mLevel 1[0m checking '/home/diksha/diffbot/install/task_robotics' for CMake config files
[1.556s] [34mcolcon.colcon_core.environment[0m [1;30mLevel 1[0m checking '/home/diksha/diffbot/install/task_robotics/lib'
[1.556s] [34mcolcon.colcon_core.environment[0m [1;30mLevel 1[0m checking '/home/diksha/diffbot/install/task_robotics/bin'
[1.556s] [34mcolcon.colcon_core.environment[0m [1;30mLevel 1[0m checking '/home/diksha/diffbot/install/task_robotics/lib/pkgconfig/task_robotics.pc'
[1.556s] [34mcolcon.colcon_core.environment[0m [1;30mLevel 1[0m checking '/home/diksha/diffbot/install/task_robotics/lib/python3.10/site-packages'
[1.556s] [34mcolcon.colcon_core.shell[0m [1;30mLevel 1[0m create_environment_hook('task_robotics', 'pythonpath')
[1.557s] [34mcolcon.colcon_core.shell[0m [1;30mINFO[0m Creating environment hook '/home/diksha/diffbot/install/task_robotics/share/task_robotics/hook/pythonpath.ps1'
[1.557s] [34mcolcon.colcon_core.shell[0m [1;30mINFO[0m Creating environment descriptor '/home/diksha/diffbot/install/task_robotics/share/task_robotics/hook/pythonpath.dsv'
[1.558s] [34mcolcon.colcon_core.shell[0m [1;30mINFO[0m Creating environment hook '/home/diksha/diffbot/install/task_robotics/share/task_robotics/hook/pythonpath.sh'
[1.558s] [34mcolcon.colcon_core.environment[0m [1;30mLevel 1[0m checking '/home/diksha/diffbot/install/task_robotics/bin'
[1.558s] [34mcolcon.colcon_core.environment[0m [1;30mLevel 1[0m create_environment_scripts_only(task_robotics)
[1.559s] [34mcolcon.colcon_core.shell[0m [1;30mINFO[0m Creating package script '/home/diksha/diffbot/install/task_robotics/share/task_robotics/package.ps1'
[1.560s] [34mcolcon.colcon_core.shell[0m [1;30mINFO[0m Creating package descriptor '/home/diksha/diffbot/install/task_robotics/share/task_robotics/package.dsv'
[1.560s] [34mcolcon.colcon_core.shell[0m [1;30mINFO[0m Creating package script '/home/diksha/diffbot/install/task_robotics/share/task_robotics/package.sh'
[1.561s] [34mcolcon.colcon_core.shell[0m [1;30mINFO[0m Creating package script '/home/diksha/diffbot/install/task_robotics/share/task_robotics/package.bash'
[1.562s] [34mcolcon.colcon_core.shell[0m [1;30mINFO[0m Creating package script '/home/diksha/diffbot/install/task_robotics/share/task_robotics/package.zsh'
[1.563s] [34mcolcon.colcon_core.environment[0m [1;30mLevel 1[0m create_file_with_runtime_dependencies(/home/diksha/diffbot/install/task_robotics/share/colcon-core/packages/task_robotics)
[1.563s] [34mcolcon.colcon_parallel_executor.executor.parallel[0m [1;30mDEBUG[0m [32mclosing loop[0m
[1.564s] [34mcolcon.colcon_parallel_executor.executor.parallel[0m [1;30mDEBUG[0m [32mloop closed[0m
[1.564s] [34mcolcon.colcon_parallel_executor.executor.parallel[0m [1;30mDEBUG[0m [32mrun_until_complete finished with '0'[0m
[1.564s] [34mcolcon.colcon_core.event_reactor[0m [1;30mDEBUG[0m [32mjoining thread[0m
[1.606s] [34mcolcon.colcon_core.plugin_system[0m [1;30mINFO[0m Skipping extension 'colcon_notification.desktop_notification.notify_send': Could not find 'notify-send'
[1.606s] [34mcolcon.colcon_core.plugin_system[0m [1;30mINFO[0m Skipping extension 'colcon_notification.desktop_notification.terminal_notifier': Not used on non-Darwin systems
[1.606s] [34mcolcon.colcon_core.plugin_system[0m [1;30mINFO[0m Skipping extension 'colcon_notification.desktop_notification.win32': Not used on non-Windows systems
[1.606s] [34mcolcon.colcon_notification.desktop_notification[0m [1;30mINFO[0m Sending desktop notification using 'notify2'
[1.609s] [34mcolcon.colcon_notification.desktop_notification.notify2[0m [1;30mDEBUG[0m [32mFailed to initialize notify2: org.freedesktop.DBus.Error.ServiceUnknown: The name org.freedesktop.Notifications was not provided by any .service files[0m
[1.609s] [34mcolcon.colcon_core.event_reactor[0m [1;30mDEBUG[0m [32mjoined thread[0m
[1.609s] [34mcolcon.colcon_core.shell[0m [1;30mINFO[0m Creating prefix script '/home/diksha/diffbot/install/local_setup.ps1'
[1.611s] [34mcolcon.colcon_core.shell[0m [1;30mINFO[0m Creating prefix util module '/home/diksha/diffbot/install/_local_setup_util_ps1.py'
[1.612s] [34mcolcon.colcon_core.shell[0m [1;30mINFO[0m Creating prefix chain script '/home/diksha/diffbot/install/setup.ps1'
[1.614s] [34mcolcon.colcon_core.shell[0m [1;30mINFO[0m Creating prefix script '/home/diksha/diffbot/install/local_setup.sh'
[1.614s] [34mcolcon.colcon_core.shell[0m [1;30mINFO[0m Creating prefix util module '/home/diksha/diffbot/install/_local_setup_util_sh.py'
[1.615s] [34mcolcon.colcon_core.shell[0m [1;30mINFO[0m Creating prefix chain script '/home/diksha/diffbot/install/setup.sh'
[1.616s] [34mcolcon.colcon_core.shell[0m [1;30mINFO[0m Creating prefix script '/home/diksha/diffbot/install/local_setup.bash'
[1.617s] [34mcolcon.colcon_core.shell[0m [1;30mINFO[0m Creating prefix chain script '/home/diksha/diffbot/install/setup.bash'
[1.619s] [34mcolcon.colcon_core.shell[0m [1;30mINFO[0m Creating prefix script '/home/diksha/diffbot/install/local_setup.zsh'
[1.619s] [34mcolcon.colcon_core.shell[0m [1;30mINFO[0m Creating prefix chain script '/home/diksha/diffbot/install/setup.zsh'
