[0.839s] Invoking command in '/home/diksha/diffbot/src/task_robotics': PYTHONPATH=/home/diksha/diffbot/build/task_robotics/prefix_override:/usr/lib/python3/dist-packages/colcon_core/task/python/colcon_distutils_commands:/home/diksha/diffbot/install/task_robotics/lib/python3.10/site-packages:${PYTHONPATH} /usr/bin/python3 -W ignore:setup.py install is deprecated -W ignore:easy_install command is deprecated setup.py egg_info --egg-base ../../build/task_robotics build --build-base /home/diksha/diffbot/build/task_robotics/build install --record /home/diksha/diffbot/build/task_robotics/install.log --install-scripts $base/lib/task_robotics --single-version-externally-managed install_data
[1.086s] running egg_info
[1.087s] creating ../../build/task_robotics/task_robotics.egg-info
[1.088s] writing ../../build/task_robotics/task_robotics.egg-info/PKG-INFO
[1.088s] writing dependency_links to ../../build/task_robotics/task_robotics.egg-info/dependency_links.txt
[1.088s] writing entry points to ../../build/task_robotics/task_robotics.egg-info/entry_points.txt
[1.088s] writing requirements to ../../build/task_robotics/task_robotics.egg-info/requires.txt
[1.088s] writing top-level names to ../../build/task_robotics/task_robotics.egg-info/top_level.txt
[1.089s] writing manifest file '../../build/task_robotics/task_robotics.egg-info/SOURCES.txt'
[1.090s] reading manifest file '../../build/task_robotics/task_robotics.egg-info/SOURCES.txt'
[1.091s] writing manifest file '../../build/task_robotics/task_robotics.egg-info/SOURCES.txt'
[1.092s] running build
[1.092s] running build_py
[1.092s] creating /home/diksha/diffbot/build/task_robotics/build
[1.093s] creating /home/diksha/diffbot/build/task_robotics/build/lib
[1.093s] creating /home/diksha/diffbot/build/task_robotics/build/lib/task_robotics
[1.094s] copying task_robotics/wheel_tick_pub.py -> /home/diksha/diffbot/build/task_robotics/build/lib/task_robotics
[1.094s] copying task_robotics/__init__.py -> /home/diksha/diffbot/build/task_robotics/build/lib/task_robotics
[1.094s] running install
[1.095s] running install_lib
[1.096s] creating /home/diksha/diffbot/install/task_robotics/lib/python3.10/site-packages/task_robotics
[1.096s] copying /home/diksha/diffbot/build/task_robotics/build/lib/task_robotics/wheel_tick_pub.py -> /home/diksha/diffbot/install/task_robotics/lib/python3.10/site-packages/task_robotics
[1.097s] copying /home/diksha/diffbot/build/task_robotics/build/lib/task_robotics/__init__.py -> /home/diksha/diffbot/install/task_robotics/lib/python3.10/site-packages/task_robotics
[1.097s] byte-compiling /home/diksha/diffbot/install/task_robotics/lib/python3.10/site-packages/task_robotics/wheel_tick_pub.py to wheel_tick_pub.cpython-310.pyc
[1.098s] byte-compiling /home/diksha/diffbot/install/task_robotics/lib/python3.10/site-packages/task_robotics/__init__.py to __init__.cpython-310.pyc
[1.099s] running install_data
[1.099s] creating /home/diksha/diffbot/install/task_robotics/share/ament_index
[1.099s] creating /home/diksha/diffbot/install/task_robotics/share/ament_index/resource_index
[1.100s] creating /home/diksha/diffbot/install/task_robotics/share/ament_index/resource_index/packages
[1.100s] copying resource/task_robotics -> /home/diksha/diffbot/install/task_robotics/share/ament_index/resource_index/packages
[1.100s] copying package.xml -> /home/diksha/diffbot/install/task_robotics/share/task_robotics
[1.101s] running install_egg_info
[1.102s] Copying ../../build/task_robotics/task_robotics.egg-info to /home/diksha/diffbot/install/task_robotics/lib/python3.10/site-packages/task_robotics-0.0.1-py3.10.egg-info
[1.105s] running install_scripts
[1.125s] Installing wheel_tick_pub script to /home/diksha/diffbot/install/task_robotics/lib/task_robotics
[1.126s] writing list of installed files to '/home/diksha/diffbot/build/task_robotics/install.log'
[1.156s] Invoked command in '/home/diksha/diffbot/src/task_robotics' returned '0': PYTHONPATH=/home/diksha/diffbot/build/task_robotics/prefix_override:/usr/lib/python3/dist-packages/colcon_core/task/python/colcon_distutils_commands:/home/diksha/diffbot/install/task_robotics/lib/python3.10/site-packages:${PYTHONPATH} /usr/bin/python3 -W ignore:setup.py install is deprecated -W ignore:easy_install command is deprecated setup.py egg_info --egg-base ../../build/task_robotics build --build-base /home/diksha/diffbot/build/task_robotics/build install --record /home/diksha/diffbot/build/task_robotics/install.log --install-scripts $base/lib/task_robotics --single-version-externally-managed install_data
