[0.814s] Invoking command in '/home/diksha/diffbot/src/task_robotics': PYTHONPATH=/home/diksha/diffbot/build/task_robotics/prefix_override:/usr/lib/python3/dist-packages/colcon_core/task/python/colcon_distutils_commands:/home/diksha/diffbot/install/task_robotics/lib/python3.10/site-packages:${PYTHONPATH} /usr/bin/python3 -W ignore:setup.py install is deprecated -W ignore:easy_install command is deprecated setup.py egg_info --egg-base ../../build/task_robotics build --build-base /home/diksha/diffbot/build/task_robotics/build install --record /home/diksha/diffbot/build/task_robotics/install.log --install-scripts $base/lib/task_robotics --single-version-externally-managed install_data
[1.057s] running egg_info
[1.058s] writing ../../build/task_robotics/task_robotics.egg-info/PKG-INFO
[1.059s] writing dependency_links to ../../build/task_robotics/task_robotics.egg-info/dependency_links.txt
[1.059s] writing entry points to ../../build/task_robotics/task_robotics.egg-info/entry_points.txt
[1.059s] writing requirements to ../../build/task_robotics/task_robotics.egg-info/requires.txt
[1.059s] writing top-level names to ../../build/task_robotics/task_robotics.egg-info/top_level.txt
[1.061s] reading manifest file '../../build/task_robotics/task_robotics.egg-info/SOURCES.txt'
[1.063s] writing manifest file '../../build/task_robotics/task_robotics.egg-info/SOURCES.txt'
[1.063s] running build
[1.063s] running build_py
[1.064s] running install
[1.064s] running install_lib
[1.066s] running install_data
[1.066s] running install_egg_info
[1.067s] removing '/home/diksha/diffbot/install/task_robotics/lib/python3.10/site-packages/task_robotics-0.0.1-py3.10.egg-info' (and everything under it)
[1.068s] Copying ../../build/task_robotics/task_robotics.egg-info to /home/diksha/diffbot/install/task_robotics/lib/python3.10/site-packages/task_robotics-0.0.1-py3.10.egg-info
[1.070s] running install_scripts
[1.090s] Installing odom_calculator script to /home/diksha/diffbot/install/task_robotics/lib/task_robotics
[1.090s] Installing wheel_tick_pub script to /home/diksha/diffbot/install/task_robotics/lib/task_robotics
[1.090s] writing list of installed files to '/home/diksha/diffbot/build/task_robotics/install.log'
[1.116s] Invoked command in '/home/diksha/diffbot/src/task_robotics' returned '0': PYTHONPATH=/home/diksha/diffbot/build/task_robotics/prefix_override:/usr/lib/python3/dist-packages/colcon_core/task/python/colcon_distutils_commands:/home/diksha/diffbot/install/task_robotics/lib/python3.10/site-packages:${PYTHONPATH} /usr/bin/python3 -W ignore:setup.py install is deprecated -W ignore:easy_install command is deprecated setup.py egg_info --egg-base ../../build/task_robotics build --build-base /home/diksha/diffbot/build/task_robotics/build install --record /home/diksha/diffbot/build/task_robotics/install.log --install-scripts $base/lib/task_robotics --single-version-externally-managed install_data
